// Jest Snapshot v1, https://goo.gl/fbAQLP

exports[`<CreateQuestion /> matches the snapshot 1`] = `<Connect(ConnectedCreateQuestion) />`;
